// Jest Snapshot v1, https://goo.gl/fbAQLP

exports[`LanguageSwitcher snapshot 1`] = `
<div
  class="fixed right-3 top-2"
>
  <select
    class="bg-gray-300"
    data-test-id="localeSelect"
  >
    <option
      data-test-id="locale"
      value="en"
    >
      
      English
    
    </option>
    <option
      data-test-id="locale"
      value="tr"
    >
      
      Turkish
    
    </option>
  </select>
</div>
`;
